[INFO] Scanning for projects...
[INFO] 
[INFO] -------------------< com.imt.mines:bank-application >-------------------
[INFO] Building bank-application 1.0-SNAPSHOT
[INFO]   from pom.xml
[INFO] --------------------------------[ jar ]---------------------------------
[INFO] 
[INFO] --- resources:3.3.1:resources (default-resources) @ bank-application ---
[INFO] Copying 0 resource from src/main/resources to target/classes
[INFO] 
[INFO] --- compiler:3.13.0:compile (default-compile) @ bank-application ---
[INFO] Recompiling the module because of changed source code.
[INFO] Compiling 6 source files with javac [debug target 25] to target/classes
[INFO] 
[INFO] --- resources:3.3.1:testResources (default-testResources) @ bank-application ---
[INFO] skip non existing resourceDirectory /Users/hugocrepin/Documents/IMT-Mines-Ales/2A/7.3.1. DL VALIDATION DES LOGICIELS/BankApplication/bank-application/src/test/resources
[INFO] 
[INFO] --- compiler:3.13.0:testCompile (default-testCompile) @ bank-application ---
[INFO] Recompiling the module because of changed dependency.
[INFO] 
[INFO] --- surefire:3.2.5:test (default-test) @ bank-application ---
Downloading from central: https://repo.maven.apache.org/maven2/org/apache/maven/surefire/maven-surefire-common/3.2.5/maven-surefire-common-3.2.5.jar
Downloading from central: https://repo.maven.apache.org/maven2/org/apache/maven/surefire/surefire-logger-api/3.2.5/surefire-logger-api-3.2.5.jar
Downloading from central: https://repo.maven.apache.org/maven2/org/apache/maven/surefire/surefire-extensions-api/3.2.5/surefire-extensions-api-3.2.5.jar
Downloading from central: https://repo.maven.apache.org/maven2/org/apache/maven/surefire/surefire-api/3.2.5/surefire-api-3.2.5.jar
Downloading from central: https://repo.maven.apache.org/maven2/org/apache/maven/surefire/surefire-booter/3.2.5/surefire-booter-3.2.5.jar
Progress (1): 0.9/14 kBProgress (2): 0.9/14 kB | 0.9/118 kBProgress (2): 0.9/14 kB | 2.3/118 kBProgress (2): 2.3/14 kB | 2.3/118 kBProgress (2): 2.3/14 kB | 3.6/118 kBProgress (2): 3.6/14 kB | 3.6/118 kBProgress (2): 3.6/14 kB | 4.1/118 kBProgress (2): 5.0/14 kB | 4.1/118 kBProgress (2): 5.0/14 kB | 5.5/118 kBProgress (2): 5.0/14 kB | 6.8/118 kBProgress (2): 6.4/14 kB | 6.8/118 kBProgress (2): 7.7/14 kB | 6.8/118 kBProgress (2): 7.7/14 kB | 8.2/118 kBProgress (2): 7.7/14 kB | 9.6/118 kBProgress (2): 9.1/14 kB | 9.6/118 kBProgress (2): 9.1/14 kB | 11/118 kB Progress (2): 10/14 kB | 11/118 kB Progress (2): 10/14 kB | 12/118 kBProgress (2): 12/14 kB | 12/118 kBProgress (2): 12/14 kB | 14/118 kBProgress (2): 13/14 kB | 14/118 kBProgress (2): 14 kB | 14/118 kB   Progress (2): 14 kB | 15/118 kBProgress (2): 14 kB | 16/118 kBProgress (2): 14 kB | 18/118 kBProgress (2): 14 kB | 19/118 kBProgress (2): 14 kB | 21/118 kBProgress (2): 14 kB | 22/118 kBProgress (2): 14 kB | 23/118 kBProgress (2): 14 kB | 25/118 kBProgress (2): 14 kB | 26/118 kBProgress (2): 14 kB | 27/118 kBProgress (2): 14 kB | 29/118 kBProgress (2): 14 kB | 30/118 kBProgress (2): 14 kB | 31/118 kBProgress (2): 14 kB | 33/118 kBProgress (2): 14 kB | 34/118 kBProgress (2): 14 kB | 36/118 kBProgress (2): 14 kB | 37/118 kBProgress (2): 14 kB | 38/118 kBProgress (2): 14 kB | 40/118 kBProgress (2): 14 kB | 41/118 kB                               Downloaded from central: https://repo.maven.apache.org/maven2/org/apache/maven/surefire/surefire-logger-api/3.2.5/surefire-logger-api-3.2.5.jar (14 kB at 55 kB/s)
Downloading from central: https://repo.maven.apache.org/maven2/org/apache/maven/surefire/surefire-extensions-spi/3.2.5/surefire-extensions-spi-3.2.5.jar
Progress (1): 42/118 kBProgress (1): 44/118 kBProgress (1): 45/118 kBProgress (1): 47/118 kBProgress (1): 48/118 kBProgress (1): 49/118 kBProgress (1): 51/118 kBProgress (1): 52/118 kBProgress (1): 53/118 kBProgress (1): 55/118 kBProgress (1): 59/118 kBProgress (1): 61/118 kBProgress (1): 66/118 kBProgress (1): 70/118 kBProgress (1): 74/118 kBProgress (1): 78/118 kBProgress (1): 83/118 kBProgress (1): 87/118 kBProgress (1): 91/118 kBProgress (1): 95/118 kBProgress (2): 95/118 kB | 0.9/26 kBProgress (2): 100/118 kB | 0.9/26 kBProgress (2): 100/118 kB | 2.3/26 kBProgress (2): 100/118 kB | 3.6/26 kBProgress (2): 100/118 kB | 5.0/26 kBProgress (3): 100/118 kB | 5.0/26 kB | 0.9/308 kBProgress (3): 100/118 kB | 6.4/26 kB | 0.9/308 kBProgress (3): 100/118 kB | 6.4/26 kB | 2.3/308 kBProgress (3): 104/118 kB | 6.4/26 kB | 2.3/308 kBProgress (3): 104/118 kB | 7.7/26 kB | 2.3/308 kBProgress (3): 104/118 kB | 7.7/26 kB | 3.6/308 kBProgress (3): 104/118 kB | 9.1/26 kB | 3.6/308 kBProgress (3): 104/118 kB | 9.1/26 kB | 5.0/308 kBProgress (3): 104/118 kB | 10/26 kB | 5.0/308 kB Progress (3): 104/118 kB | 10/26 kB | 6.4/308 kBProgress (3): 104/118 kB | 12/26 kB | 6.4/308 kBProgress (3): 104/118 kB | 13/26 kB | 6.4/308 kBProgress (3): 104/118 kB | 13/26 kB | 7.7/308 kBProgress (3): 104/118 kB | 15/26 kB | 7.7/308 kBProgress (3): 108/118 kB | 15/26 kB | 7.7/308 kBProgress (3): 108/118 kB | 16/26 kB | 7.7/308 kBProgress (3): 108/118 kB | 16/26 kB | 9.1/308 kBProgress (3): 108/118 kB | 17/26 kB | 9.1/308 kBProgress (3): 108/118 kB | 19/26 kB | 9.1/308 kBProgress (3): 112/118 kB | 19/26 kB | 9.1/308 kBProgress (3): 112/118 kB | 19/26 kB | 10/308 kB Progress (3): 112/118 kB | 20/26 kB | 10/308 kBProgress (3): 112/118 kB | 21/26 kB | 10/308 kBProgress (3): 116/118 kB | 21/26 kB | 10/308 kBProgress (3): 116/118 kB | 23/26 kB | 10/308 kBProgress (3): 118 kB | 23/26 kB | 10/308 kB    Progress (3): 118 kB | 24/26 kB | 10/308 kBProgress (3): 118 kB | 24/26 kB | 12/308 kBProgress (3): 118 kB | 25/26 kB | 12/308 kBProgress (3): 118 kB | 26 kB | 12/308 kB                                           Downloaded from central: https://repo.maven.apache.org/maven2/org/apache/maven/surefire/surefire-booter/3.2.5/surefire-booter-3.2.5.jar (118 kB at 465 kB/s)
Downloaded from central: https://repo.maven.apache.org/maven2/org/apache/maven/surefire/surefire-extensions-api/3.2.5/surefire-extensions-api-3.2.5.jar (26 kB at 102 kB/s)
Downloading from central: https://repo.maven.apache.org/maven2/org/eclipse/aether/aether-util/1.0.0.v20140518/aether-util-1.0.0.v20140518.jar
Downloading from central: https://repo.maven.apache.org/maven2/org/eclipse/aether/aether-api/1.0.0.v20140518/aether-api-1.0.0.v20140518.jar
Progress (1): 12/308 kBProgress (1): 14/308 kBProgress (1): 15/308 kBProgress (1): 16/308 kBProgress (1): 18/308 kBProgress (1): 19/308 kBProgress (1): 21/308 kBProgress (2): 21/308 kB | 0.9/171 kBProgress (2): 22/308 kB | 0.9/171 kBProgress (2): 23/308 kB | 0.9/171 kBProgress (2): 23/308 kB | 2.3/171 kBProgress (2): 25/308 kB | 2.3/171 kBProgress (2): 25/308 kB | 3.6/171 kBProgress (2): 26/308 kB | 3.6/171 kBProgress (2): 26/308 kB | 5.0/171 kBProgress (2): 27/308 kB | 5.0/171 kBProgress (2): 27/308 kB | 6.4/171 kBProgress (2): 29/308 kB | 6.4/171 kBProgress (2): 29/308 kB | 7.7/171 kBProgress (2): 30/308 kB | 7.7/171 kBProgress (2): 31/308 kB | 7.7/171 kBProgress (2): 33/308 kB | 7.7/171 kBProgress (2): 33/308 kB | 9.1/171 kBProgress (2): 34/308 kB | 9.1/171 kBProgress (2): 34/308 kB | 10/171 kB Progress (2): 36/308 kB | 10/171 kBProgress (2): 36/308 kB | 12/171 kBProgress (2): 37/308 kB | 12/171 kBProgress (2): 37/308 kB | 13/171 kBProgress (2): 38/308 kB | 13/171 kBProgress (2): 40/308 kB | 13/171 kBProgress (2): 40/308 kB | 15/171 kBProgress (2): 41/308 kB | 15/171 kBProgress (2): 42/308 kB | 15/171 kBProgress (2): 44/308 kB | 15/171 kBProgress (2): 44/308 kB | 16/171 kBProgress (2): 45/308 kB | 16/171 kBProgress (2): 47/308 kB | 16/171 kBProgress (2): 48/308 kB | 16/171 kBProgress (2): 48/308 kB | 17/171 kBProgress (2): 49/308 kB | 17/171 kBProgress (2): 49/308 kB | 19/171 kBProgress (2): 49/308 kB | 20/171 kBProgress (2): 49/308 kB | 21/171 kBProgress (2): 49/308 kB | 23/171 kBProgress (2): 49/308 kB | 24/171 kBProgress (2): 49/308 kB | 26/171 kBProgress (2): 49/308 kB | 27/171 kBProgress (2): 49/308 kB | 28/171 kBProgress (2): 49/308 kB | 30/171 kBProgress (2): 49/308 kB | 31/171 kBProgress (2): 49/308 kB | 32/171 kBProgress (2): 49/308 kB | 34/171 kBProgress (2): 49/308 kB | 35/171 kBProgress (2): 49/308 kB | 36/171 kBProgress (2): 49/308 kB | 38/171 kBProgress (2): 49/308 kB | 39/171 kBProgress (2): 49/308 kB | 41/171 kBProgress (2): 49/308 kB | 42/171 kBProgress (2): 49/308 kB | 43/171 kBProgress (2): 49/308 kB | 45/171 kBProgress (2): 49/308 kB | 46/171 kBProgress (2): 49/308 kB | 47/171 kBProgress (2): 51/308 kB | 47/171 kBProgress (2): 51/308 kB | 49/171 kBProgress (2): 52/308 kB | 49/171 kBProgress (2): 52/308 kB | 50/171 kBProgress (2): 53/308 kB | 50/171 kBProgress (2): 53/308 kB | 52/171 kBProgress (2): 55/308 kB | 52/171 kBProgress (2): 55/308 kB | 53/171 kBProgress (2): 55/308 kB | 54/171 kBProgress (2): 55/308 kB | 56/171 kBProgress (2): 59/308 kB | 56/171 kBProgress (2): 59/308 kB | 60/171 kBProgress (2): 63/308 kB | 60/171 kBProgress (2): 63/308 kB | 64/171 kBProgress (2): 67/308 kB | 64/171 kBProgress (2): 67/308 kB | 68/171 kBProgress (2): 72/308 kB | 68/171 kBProgress (2): 72/308 kB | 73/171 kBProgress (2): 76/308 kB | 73/171 kBProgress (2): 76/308 kB | 77/171 kBProgress (2): 80/308 kB | 77/171 kBProgress (2): 80/308 kB | 81/171 kBProgress (2): 84/308 kB | 81/171 kBProgress (2): 84/308 kB | 85/171 kBProgress (2): 89/308 kB | 85/171 kBProgress (2): 89/308 kB | 89/171 kBProgress (2): 93/308 kB | 89/171 kBProgress (2): 97/308 kB | 89/171 kBProgress (2): 97/308 kB | 94/171 kBProgress (2): 101/308 kB | 94/171 kBProgress (2): 101/308 kB | 98/171 kBProgress (2): 105/308 kB | 98/171 kBProgress (2): 105/308 kB | 102/171 kBProgress (2): 105/308 kB | 106/171 kBProgress (2): 110/308 kB | 106/171 kBProgress (3): 110/308 kB | 106/171 kB | 0.9/8.2 kBProgress (3): 110/308 kB | 111/171 kB | 0.9/8.2 kBProgress (3): 110/308 kB | 111/171 kB | 2.3/8.2 kBProgress (3): 114/308 kB | 111/171 kB | 2.3/8.2 kBProgress (3): 114/308 kB | 111/171 kB | 3.6/8.2 kBProgress (3): 114/308 kB | 115/171 kB | 3.6/8.2 kBProgress (3): 118/308 kB | 115/171 kB | 3.6/8.2 kBProgress (3): 118/308 kB | 119/171 kB | 3.6/8.2 kBProgress (3): 122/308 kB | 119/171 kB | 3.6/8.2 kBProgress (3): 122/308 kB | 123/171 kB | 3.6/8.2 kBProgress (3): 127/308 kB | 123/171 kB | 3.6/8.2 kBProgress (3): 127/308 kB | 128/171 kB | 3.6/8.2 kBProgress (3): 131/308 kB | 128/171 kB | 3.6/8.2 kBProgress (3): 135/308 kB | 128/171 kB | 3.6/8.2 kBProgress (3): 139/308 kB | 128/171 kB | 3.6/8.2 kBProgress (3): 139/308 kB | 128/171 kB | 5.0/8.2 kBProgress (4): 139/308 kB | 128/171 kB | 5.0/8.2 kB | 3.8/146 kBProgress (4): 139/308 kB | 128/171 kB | 6.4/8.2 kB | 3.8/146 kBProgress (4): 139/308 kB | 128/171 kB | 7.7/8.2 kB | 3.8/146 kBProgress (4): 139/308 kB | 128/171 kB | 7.7/8.2 kB | 8.0/146 kBProgress (4): 139/308 kB | 128/171 kB | 7.7/8.2 kB | 12/146 kB Progress (4): 139/308 kB | 128/171 kB | 8.2 kB | 12/146 kB    Progress (4): 139/308 kB | 128/171 kB | 8.2 kB | 16/146 kBProgress (4): 139/308 kB | 128/171 kB | 8.2 kB | 21/146 kBProgress (4): 139/308 kB | 128/171 kB | 8.2 kB | 24/146 kBProgress (4): 139/308 kB | 128/171 kB | 8.2 kB | 28/146 kBProgress (4): 139/308 kB | 128/171 kB | 8.2 kB | 32/146 kBProgress (4): 139/308 kB | 128/171 kB | 8.2 kB | 37/146 kBProgress (4): 139/308 kB | 128/171 kB | 8.2 kB | 41/146 kBProgress (4): 139/308 kB | 128/171 kB | 8.2 kB | 45/146 kBProgress (4): 139/308 kB | 128/171 kB | 8.2 kB | 49/146 kBProgress (4): 139/308 kB | 128/171 kB | 8.2 kB | 54/146 kBProgress (4): 139/308 kB | 128/171 kB | 8.2 kB | 58/146 kBProgress (4): 139/308 kB | 128/171 kB | 8.2 kB | 62/146 kBProgress (4): 139/308 kB | 128/171 kB | 8.2 kB | 66/146 kB                                                          Downloaded from central: https://repo.maven.apache.org/maven2/org/apache/maven/surefire/surefire-extensions-spi/3.2.5/surefire-extensions-spi-3.2.5.jar (8.2 kB at 26 kB/s)
Progress (3): 139/308 kB | 128/171 kB | 71/146 kB                                                 Downloading from central: https://repo.maven.apache.org/maven2/org/apache/maven/shared/maven-common-artifact-filters/3.1.1/maven-common-artifact-filters-3.1.1.jar
Progress (3): 139/308 kB | 128/171 kB | 75/146 kBProgress (3): 139/308 kB | 128/171 kB | 79/146 kBProgress (3): 139/308 kB | 128/171 kB | 83/146 kBProgress (3): 139/308 kB | 128/171 kB | 87/146 kBProgress (3): 143/308 kB | 128/171 kB | 87/146 kBProgress (3): 143/308 kB | 132/171 kB | 87/146 kBProgress (3): 143/308 kB | 132/171 kB | 92/146 kBProgress (3): 143/308 kB | 132/171 kB | 96/146 kBProgress (3): 143/308 kB | 136/171 kB | 96/146 kBProgress (3): 148/308 kB | 136/171 kB | 96/146 kBProgress (3): 148/308 kB | 136/171 kB | 100/146 kBProgress (3): 148/308 kB | 140/171 kB | 100/146 kBProgress (3): 152/308 kB | 140/171 kB | 100/146 kBProgress (3): 152/308 kB | 140/171 kB | 117/146 kBProgress (3): 156/308 kB | 140/171 kB | 117/146 kBProgress (3): 156/308 kB | 140/171 kB | 122/146 kBProgress (3): 160/308 kB | 140/171 kB | 122/146 kBProgress (3): 165/308 kB | 140/171 kB | 122/146 kBProgress (3): 169/308 kB | 140/171 kB | 122/146 kBProgress (3): 169/308 kB | 144/171 kB | 122/146 kBProgress (4): 169/308 kB | 144/171 kB | 122/146 kB | 0.9/136 kBProgress (4): 169/308 kB | 144/171 kB | 122/146 kB | 2.3/136 kBProgress (4): 169/308 kB | 144/171 kB | 122/146 kB | 3.6/136 kBProgress (4): 169/308 kB | 144/171 kB | 122/146 kB | 5.0/136 kBProgress (4): 169/308 kB | 144/171 kB | 122/146 kB | 6.4/136 kBProgress (4): 169/308 kB | 144/171 kB | 122/146 kB | 7.7/136 kBProgress (4): 169/308 kB | 144/171 kB | 122/146 kB | 9.1/136 kBProgress (4): 169/308 kB | 144/171 kB | 122/146 kB | 10/136 kB Progress (4): 169/308 kB | 144/171 kB | 122/146 kB | 12/136 kBProgress (4): 169/308 kB | 144/171 kB | 122/146 kB | 13/136 kBProgress (4): 169/308 kB | 144/171 kB | 122/146 kB | 15/136 kBProgress (4): 169/308 kB | 144/171 kB | 122/146 kB | 16/136 kBProgress (4): 169/308 kB | 144/171 kB | 122/146 kB | 17/136 kBProgress (4): 169/308 kB | 144/171 kB | 122/146 kB | 19/136 kBProgress (4): 169/308 kB | 144/171 kB | 122/146 kB | 20/136 kBProgress (4): 169/308 kB | 144/171 kB | 122/146 kB | 21/136 kBProgress (4): 169/308 kB | 144/171 kB | 122/146 kB | 23/136 kBProgress (4): 169/308 kB | 144/171 kB | 122/146 kB | 24/136 kBProgress (4): 169/308 kB | 144/171 kB | 122/146 kB | 26/136 kBProgress (4): 169/308 kB | 144/171 kB | 122/146 kB | 27/136 kBProgress (4): 169/308 kB | 144/171 kB | 122/146 kB | 28/136 kBProgress (4): 169/308 kB | 144/171 kB | 122/146 kB | 32/136 kBProgress (4): 169/308 kB | 144/171 kB | 122/146 kB | 36/136 kBProgress (4): 169/308 kB | 144/171 kB | 122/146 kB | 41/136 kBProgress (4): 169/308 kB | 144/171 kB | 122/146 kB | 45/136 kBProgress (4): 169/308 kB | 144/171 kB | 122/146 kB | 49/136 kBProgress (4): 169/308 kB | 144/171 kB | 122/146 kB | 53/136 kBProgress (4): 169/308 kB | 144/171 kB | 122/146 kB | 57/136 kBProgress (4): 173/308 kB | 144/171 kB | 122/146 kB | 57/136 kBProgress (4): 173/308 kB | 149/171 kB | 122/146 kB | 57/136 kBProgress (4): 173/308 kB | 149/171 kB | 122/146 kB | 62/136 kBProgress (4): 177/308 kB | 149/171 kB | 122/146 kB | 62/136 kBProgress (4): 177/308 kB | 153/171 kB | 122/146 kB | 62/136 kBProgress (4): 181/308 kB | 153/171 kB | 122/146 kB | 62/136 kBProgress (4): 181/308 kB | 153/171 kB | 122/146 kB | 66/136 kBProgress (4): 186/308 kB | 153/171 kB | 122/146 kB | 66/136 kBProgress (4): 186/308 kB | 153/171 kB | 122/146 kB | 70/136 kBProgress (4): 186/308 kB | 153/171 kB | 122/146 kB | 74/136 kBProgress (4): 186/308 kB | 153/171 kB | 122/146 kB | 79/136 kBProgress (4): 186/308 kB | 157/171 kB | 122/146 kB | 79/136 kBProgress (4): 186/308 kB | 157/171 kB | 122/146 kB | 83/136 kBProgress (4): 186/308 kB | 161/171 kB | 122/146 kB | 83/136 kBProgress (4): 186/308 kB | 161/171 kB | 122/146 kB | 87/136 kBProgress (4): 186/308 kB | 166/171 kB | 122/146 kB | 87/136 kBProgress (4): 186/308 kB | 166/171 kB | 122/146 kB | 91/136 kBProgress (4): 186/308 kB | 170/171 kB | 122/146 kB | 91/136 kBProgress (4): 186/308 kB | 170/171 kB | 122/146 kB | 95/136 kBProgress (4): 186/308 kB | 170/171 kB | 122/146 kB | 100/136 kBProgress (4): 186/308 kB | 171 kB | 122/146 kB | 100/136 kB    Progress (4): 186/308 kB | 171 kB | 122/146 kB | 104/136 kBProgress (4): 186/308 kB | 171 kB | 122/146 kB | 108/136 kBProgress (4): 186/308 kB | 171 kB | 122/146 kB | 112/136 kBProgress (4): 186/308 kB | 171 kB | 122/146 kB | 117/136 kBProgress (4): 186/308 kB | 171 kB | 122/146 kB | 121/136 kBProgress (4): 186/308 kB | 171 kB | 122/146 kB | 125/136 kBProgress (4): 186/308 kB | 171 kB | 122/146 kB | 129/136 kB                                                           Downloaded from central: https://repo.maven.apache.org/maven2/org/apache/maven/surefire/surefire-api/3.2.5/surefire-api-3.2.5.jar (171 kB at 506 kB/s)
Downloading from central: https://repo.maven.apache.org/maven2/commons-io/commons-io/2.15.1/commons-io-2.15.1.jar
Progress (3): 190/308 kB | 122/146 kB | 129/136 kBProgress (3): 194/308 kB | 122/146 kB | 129/136 kBProgress (3): 198/308 kB | 122/146 kB | 129/136 kBProgress (3): 203/308 kB | 122/146 kB | 129/136 kBProgress (3): 207/308 kB | 122/146 kB | 129/136 kBProgress (3): 211/308 kB | 122/146 kB | 129/136 kBProgress (3): 215/308 kB | 122/146 kB | 129/136 kBProgress (3): 219/308 kB | 122/146 kB | 129/136 kBProgress (3): 224/308 kB | 122/146 kB | 129/136 kBProgress (3): 240/308 kB | 122/146 kB | 129/136 kBProgress (3): 256/308 kB | 122/146 kB | 129/136 kBProgress (3): 273/308 kB | 122/146 kB | 129/136 kBProgress (3): 274/308 kB | 122/146 kB | 129/136 kBProgress (3): 291/308 kB | 122/146 kB | 129/136 kBProgress (3): 291/308 kB | 139/146 kB | 129/136 kBProgress (3): 291/308 kB | 146 kB | 129/136 kB    Progress (3): 307/308 kB | 146 kB | 129/136 kBProgress (3): 308 kB | 146 kB | 129/136 kB                                              Downloaded from central: https://repo.maven.apache.org/maven2/org/eclipse/aether/aether-util/1.0.0.v20140518/aether-util-1.0.0.v20140518.jar (146 kB at 425 kB/s)
Downloading from central: https://repo.maven.apache.org/maven2/org/apache/maven/surefire/surefire-shared-utils/3.2.5/surefire-shared-utils-3.2.5.jar
Downloaded from central: https://repo.maven.apache.org/maven2/org/apache/maven/surefire/maven-surefire-common/3.2.5/maven-surefire-common-3.2.5.jar (308 kB at 892 kB/s)
Progress (1): 134/136 kBProgress (1): 136 kB                        Downloaded from central: https://repo.maven.apache.org/maven2/org/eclipse/aether/aether-api/1.0.0.v20140518/aether-api-1.0.0.v20140518.jar (136 kB at 387 kB/s)
Progress (1): 0.9/61 kBProgress (1): 2.3/61 kBProgress (1): 3.6/61 kBProgress (1): 5.0/61 kBProgress (1): 6.4/61 kBProgress (1): 7.7/61 kBProgress (1): 9.1/61 kBProgress (1): 10/61 kB Progress (1): 12/61 kBProgress (1): 13/61 kBProgress (1): 15/61 kBProgress (1): 16/61 kBProgress (1): 17/61 kBProgress (1): 19/61 kBProgress (1): 20/61 kBProgress (1): 21/61 kBProgress (1): 23/61 kBProgress (1): 24/61 kBProgress (1): 26/61 kBProgress (1): 27/61 kBProgress (1): 28/61 kBProgress (1): 30/61 kBProgress (1): 31/61 kBProgress (1): 35/61 kBProgress (1): 39/61 kBProgress (1): 44/61 kBProgress (1): 48/61 kBProgress (1): 52/61 kBProgress (1): 56/61 kBProgress (1): 61/61 kBProgress (1): 61 kB                      Downloaded from central: https://repo.maven.apache.org/maven2/org/apache/maven/shared/maven-common-artifact-filters/3.1.1/maven-common-artifact-filters-3.1.1.jar (61 kB at 164 kB/s)
Progress (1): 0/2.4 MBProgress (1): 0/2.4 MBProgress (1): 0/2.4 MBProgress (1): 0/2.4 MBProgress (2): 0/2.4 MB | 3.8/501 kBProgress (2): 0.1/2.4 MB | 3.8/501 kBProgress (2): 0.1/2.4 MB | 8.0/501 kBProgress (2): 0.1/2.4 MB | 12/501 kB Progress (2): 0.1/2.4 MB | 12/501 kBProgress (2): 0.1/2.4 MB | 16/501 kBProgress (2): 0.1/2.4 MB | 16/501 kBProgress (2): 0.1/2.4 MB | 16/501 kBProgress (2): 0.1/2.4 MB | 21/501 kBProgress (2): 0.1/2.4 MB | 25/501 kBProgress (2): 0.1/2.4 MB | 29/501 kBProgress (2): 0.1/2.4 MB | 29/501 kBProgress (2): 0.1/2.4 MB | 33/501 kBProgress (2): 0.1/2.4 MB | 38/501 kBProgress (2): 0.1/2.4 MB | 42/501 kBProgress (2): 0.1/2.4 MB | 46/501 kBProgress (2): 0.1/2.4 MB | 50/501 kBProgress (2): 0.1/2.4 MB | 67/501 kBProgress (2): 0.1/2.4 MB | 67/501 kBProgress (2): 0.2/2.4 MB | 67/501 kBProgress (2): 0.2/2.4 MB | 67/501 kBProgress (2): 0.2/2.4 MB | 83/501 kBProgress (2): 0.2/2.4 MB | 99/501 kBProgress (2): 0.2/2.4 MB | 99/501 kBProgress (2): 0.2/2.4 MB | 116/501 kBProgress (2): 0.2/2.4 MB | 116/501 kBProgress (2): 0.2/2.4 MB | 116/501 kBProgress (2): 0.2/2.4 MB | 132/501 kBProgress (2): 0.2/2.4 MB | 132/501 kBProgress (2): 0.2/2.4 MB | 149/501 kBProgress (2): 0.3/2.4 MB | 149/501 kBProgress (2): 0.3/2.4 MB | 149/501 kBProgress (2): 0.3/2.4 MB | 165/501 kBProgress (2): 0.3/2.4 MB | 181/501 kBProgress (2): 0.3/2.4 MB | 198/501 kBProgress (2): 0.3/2.4 MB | 214/501 kBProgress (2): 0.3/2.4 MB | 214/501 kBProgress (2): 0.3/2.4 MB | 230/501 kBProgress (2): 0.3/2.4 MB | 230/501 kBProgress (2): 0.3/2.4 MB | 230/501 kBProgress (2): 0.3/2.4 MB | 247/501 kBProgress (2): 0.3/2.4 MB | 247/501 kBProgress (2): 0.3/2.4 MB | 247/501 kBProgress (2): 0.4/2.4 MB | 247/501 kBProgress (2): 0.4/2.4 MB | 247/501 kBProgress (2): 0.4/2.4 MB | 263/501 kBProgress (2): 0.4/2.4 MB | 280/501 kBProgress (2): 0.4/2.4 MB | 296/501 kBProgress (2): 0.4/2.4 MB | 312/501 kBProgress (2): 0.4/2.4 MB | 329/501 kBProgress (2): 0.4/2.4 MB | 345/501 kBProgress (2): 0.4/2.4 MB | 345/501 kBProgress (2): 0.4/2.4 MB | 345/501 kBProgress (2): 0.4/2.4 MB | 345/501 kBProgress (2): 0.4/2.4 MB | 345/501 kBProgress (2): 0.5/2.4 MB | 345/501 kBProgress (2): 0.5/2.4 MB | 345/501 kBProgress (2): 0.5/2.4 MB | 362/501 kBProgress (2): 0.5/2.4 MB | 378/501 kBProgress (2): 0.5/2.4 MB | 378/501 kBProgress (2): 0.5/2.4 MB | 378/501 kBProgress (2): 0.5/2.4 MB | 378/501 kBProgress (2): 0.5/2.4 MB | 394/501 kBProgress (2): 0.5/2.4 MB | 411/501 kBProgress (2): 0.5/2.4 MB | 411/501 kBProgress (2): 0.6/2.4 MB | 411/501 kBProgress (2): 0.6/2.4 MB | 411/501 kBProgress (2): 0.6/2.4 MB | 427/501 kBProgress (2): 0.6/2.4 MB | 427/501 kBProgress (2): 0.6/2.4 MB | 443/501 kBProgress (2): 0.6/2.4 MB | 443/501 kBProgress (2): 0.6/2.4 MB | 443/501 kBProgress (2): 0.6/2.4 MB | 443/501 kBProgress (2): 0.6/2.4 MB | 460/501 kBProgress (2): 0.7/2.4 MB | 460/501 kBProgress (2): 0.7/2.4 MB | 476/501 kBProgress (2): 0.7/2.4 MB | 476/501 kBProgress (2): 0.7/2.4 MB | 493/501 kBProgress (2): 0.7/2.4 MB | 493/501 kBProgress (2): 0.7/2.4 MB | 493/501 kBProgress (2): 0.7/2.4 MB | 501 kB    Progress (2): 0.7/2.4 MB | 501 kB                                 Downloaded from central: https://repo.maven.apache.org/maven2/commons-io/commons-io/2.15.1/commons-io-2.15.1.jar (501 kB at 1.1 MB/s)
Progress (1): 0.7/2.4 MBProgress (1): 0.7/2.4 MBProgress (1): 0.8/2.4 MBProgress (1): 0.8/2.4 MBProgress (1): 0.8/2.4 MBProgress (1): 0.8/2.4 MBProgress (1): 0.8/2.4 MBProgress (1): 0.8/2.4 MBProgress (1): 0.9/2.4 MBProgress (1): 0.9/2.4 MBProgress (1): 0.9/2.4 MBProgress (1): 0.9/2.4 MBProgress (1): 0.9/2.4 MBProgress (1): 0.9/2.4 MBProgress (1): 1.0/2.4 MBProgress (1): 1.0/2.4 MBProgress (1): 1.0/2.4 MBProgress (1): 1.0/2.4 MBProgress (1): 1.0/2.4 MBProgress (1): 1.0/2.4 MBProgress (1): 1.1/2.4 MBProgress (1): 1.1/2.4 MBProgress (1): 1.1/2.4 MBProgress (1): 1.1/2.4 MBProgress (1): 1.1/2.4 MBProgress (1): 1.1/2.4 MBProgress (1): 1.2/2.4 MBProgress (1): 1.2/2.4 MBProgress (1): 1.2/2.4 MBProgress (1): 1.2/2.4 MBProgress (1): 1.2/2.4 MBProgress (1): 1.2/2.4 MBProgress (1): 1.3/2.4 MBProgress (1): 1.3/2.4 MBProgress (1): 1.3/2.4 MBProgress (1): 1.3/2.4 MBProgress (1): 1.3/2.4 MBProgress (1): 1.3/2.4 MBProgress (1): 1.4/2.4 MBProgress (1): 1.4/2.4 MBProgress (1): 1.4/2.4 MBProgress (1): 1.4/2.4 MBProgress (1): 1.4/2.4 MBProgress (1): 1.4/2.4 MBProgress (1): 1.4/2.4 MBProgress (1): 1.5/2.4 MBProgress (1): 1.5/2.4 MBProgress (1): 1.5/2.4 MBProgress (1): 1.5/2.4 MBProgress (1): 1.5/2.4 MBProgress (1): 1.5/2.4 MBProgress (1): 1.6/2.4 MBProgress (1): 1.6/2.4 MBProgress (1): 1.6/2.4 MBProgress (1): 1.6/2.4 MBProgress (1): 1.6/2.4 MBProgress (1): 1.6/2.4 MBProgress (1): 1.7/2.4 MBProgress (1): 1.7/2.4 MBProgress (1): 1.7/2.4 MBProgress (1): 1.7/2.4 MBProgress (1): 1.7/2.4 MBProgress (1): 1.7/2.4 MBProgress (1): 1.8/2.4 MBProgress (1): 1.8/2.4 MBProgress (1): 1.8/2.4 MBProgress (1): 1.8/2.4 MBProgress (1): 1.8/2.4 MBProgress (1): 1.8/2.4 MBProgress (1): 1.8/2.4 MBProgress (1): 1.9/2.4 MBProgress (1): 1.9/2.4 MBProgress (1): 1.9/2.4 MBProgress (1): 1.9/2.4 MBProgress (1): 1.9/2.4 MBProgress (1): 1.9/2.4 MBProgress (1): 2.0/2.4 MBProgress (1): 2.0/2.4 MBProgress (1): 2.0/2.4 MBProgress (1): 2.0/2.4 MBProgress (1): 2.0/2.4 MBProgress (1): 2.0/2.4 MBProgress (1): 2.1/2.4 MBProgress (1): 2.1/2.4 MBProgress (1): 2.1/2.4 MBProgress (1): 2.1/2.4 MBProgress (1): 2.1/2.4 MBProgress (1): 2.1/2.4 MBProgress (1): 2.1/2.4 MBProgress (1): 2.2/2.4 MBProgress (1): 2.2/2.4 MBProgress (1): 2.2/2.4 MBProgress (1): 2.2/2.4 MBProgress (1): 2.2/2.4 MBProgress (1): 2.2/2.4 MBProgress (1): 2.3/2.4 MBProgress (1): 2.3/2.4 MBProgress (1): 2.3/2.4 MBProgress (1): 2.3/2.4 MBProgress (1): 2.3/2.4 MBProgress (1): 2.3/2.4 MBProgress (1): 2.4/2.4 MBProgress (1): 2.4/2.4 MBProgress (1): 2.4/2.4 MBProgress (1): 2.4/2.4 MBProgress (1): 2.4/2.4 MBProgress (1): 2.4/2.4 MBProgress (1): 2.4 MB                        Downloaded from central: https://repo.maven.apache.org/maven2/org/apache/maven/surefire/surefire-shared-utils/3.2.5/surefire-shared-utils-3.2.5.jar (2.4 MB at 1.8 MB/s)
[INFO] ------------------------------------------------------------------------
[INFO] BUILD SUCCESS
[INFO] ------------------------------------------------------------------------
[INFO] Total time:  2.045 s
[INFO] Finished at: 2026-01-09T11:20:54+01:00
[INFO] ------------------------------------------------------------------------
